Initialized native services in: /Users/sulaiman/.gradle/native
Initialized jansi services in: /Users/sulaiman/.gradle/native
The client will now receive all logging from the daemon (pid: 36978). The daemon log file: /Users/sulaiman/.gradle/daemon/9.0.0/daemon-36978.out.log
Starting 31st build in daemon [uptime: 5 hrs 10 mins 46.635 secs, performance: 100%, GC rate: 0.00/s, heap usage: 3% of 512 MiB, non-heap usage: 24% of 384 MiB]
Using 10 worker leases.
Now considering [/Users/sulaiman/IdeaProjects/school-fee-app] as hierarchies to watch
Watching the file system is configured to be enabled if available
File system watching is active
Starting Build
Settings evaluated using settings file '/Users/sulaiman/IdeaProjects/school-fee-app/settings.gradle'.
Projects loaded. Root project using build file '/Users/sulaiman/IdeaProjects/school-fee-app/build.gradle'.
Included projects: [root project 'school-fee-app', project ':backend']

> Configure project :
Evaluating root project 'school-fee-app' using build file '/Users/sulaiman/IdeaProjects/school-fee-app/build.gradle'.

> Configure project :backend
Evaluating project ':backend' using build file '/Users/sulaiman/IdeaProjects/school-fee-app/backend/build.gradle'.
Resolved plugin [id: 'java']
Resolved plugin [id: 'org.springframework.boot', version: '3.5.5']
Resolved plugin [id: 'io.spring.dependency-management', version: '1.1.7']
Resolved plugin [id: 'jacoco']
Applying dependency management to configuration 'annotationProcessor' in project 'backend'
Applying dependency management to configuration 'apiElements' in project 'backend'
Applying dependency management to configuration 'archives' in project 'backend'
Applying dependency management to configuration 'bootArchives' in project 'backend'
Applying dependency management to configuration 'compileClasspath' in project 'backend'
Applying dependency management to configuration 'compileOnly' in project 'backend'
Applying dependency management to configuration 'default' in project 'backend'
Applying dependency management to configuration 'developmentOnly' in project 'backend'
Applying dependency management to configuration 'implementation' in project 'backend'
Applying dependency management to configuration 'mainSourceElements' in project 'backend'
Applying dependency management to configuration 'productionRuntimeClasspath' in project 'backend'
Applying dependency management to configuration 'runtimeClasspath' in project 'backend'
Applying dependency management to configuration 'runtimeElements' in project 'backend'
Applying dependency management to configuration 'runtimeOnly' in project 'backend'
Applying dependency management to configuration 'testAndDevelopmentOnly' in project 'backend'
Applying dependency management to configuration 'testAnnotationProcessor' in project 'backend'
Applying dependency management to configuration 'testCompileClasspath' in project 'backend'
Applying dependency management to configuration 'testCompileOnly' in project 'backend'
Applying dependency management to configuration 'testImplementation' in project 'backend'
Applying dependency management to configuration 'testResultsElementsForTest' in project 'backend'
Applying dependency management to configuration 'testRuntimeClasspath' in project 'backend'
Applying dependency management to configuration 'testRuntimeOnly' in project 'backend'
Applying dependency management to configuration 'jacocoAgent' in project 'backend'
Applying dependency management to configuration 'jacocoAnt' in project 'backend'
Applying dependency management to configuration 'coverageDataElementsForTest' in project 'backend'
All projects evaluated.
Task name matched 'test'
Selected primary task 'test' from project :
Starting process 'command '/usr/libexec/java_home''. Working directory: /Users/sulaiman/.gradle/daemon/9.0.0 Command: /usr/libexec/java_home -V
Successfully started process 'command '/usr/libexec/java_home''
Resolving global dependency management for project 'backend'
Excluding [com.github.java-json-tools:msg-simple, com.github.java-json-tools:jackson-coreutils, com.github.java-json-tools:btf]
Excluding []
Excluding []
Excluding []
Excluding [com.github.java-json-tools:jackson-coreutils, com.github.java-json-tools:btf, com.github.java-json-tools:msg-simple]
Excluding [com.github.java-json-tools:msg-simple, com.github.java-json-tools:jackson-coreutils, com.github.java-json-tools:btf]
Excluding []
Tasks to be executed: [task ':backend:compileJava', task ':backend:processResources', task ':backend:classes', task ':backend:compileTestJava', task ':backend:processTestResources', task ':backend:testClasses', task ':backend:test', task ':backend:jacocoTestReport']
Tasks that were excluded: []
Resolve mutations for :backend:compileJava (Thread[#4569,Execution worker,5,main]) started.
:backend:compileJava (Thread[#4569,Execution worker,5,main]) started.

> Task :backend:compileJava UP-TO-DATE
Custom actions are attached to task ':backend:compileJava'.
Caching disabled for task ':backend:compileJava' because:
  Build cache is disabled
Skipping task ':backend:compileJava' as it is up-to-date.
Resolve mutations for :backend:processResources (Thread[#4569,Execution worker,5,main]) started.
:backend:processResources (Thread[#4569,Execution worker,5,main]) started.

> Task :backend:processResources UP-TO-DATE
Caching disabled for task ':backend:processResources' because:
  Build cache is disabled
  Not worth caching
Skipping task ':backend:processResources' as it is up-to-date.
Resolve mutations for :backend:classes (Thread[#4569,Execution worker,5,main]) started.
:backend:classes (Thread[#4569,Execution worker,5,main]) started.

> Task :backend:classes UP-TO-DATE
Skipping task ':backend:classes' as it has no actions.
Resolve mutations for :backend:compileTestJava (Thread[#4569,Execution worker,5,main]) started.
:backend:compileTestJava (Thread[#4569,Execution worker,5,main]) started.

> Task :backend:compileTestJava
Custom actions are attached to task ':backend:compileTestJava'.
Caching disabled for task ':backend:compileTestJava' because:
  Build cache is disabled
Task ':backend:compileTestJava' is not up-to-date because:
  Input property 'stableSources' file /Users/sulaiman/IdeaProjects/school-fee-app/backend/src/test/java/com/fee/app/schoolfeeapp/auth/service/impl/UserManagementServiceIntegrationTest.java has changed.
Compilation mode: in-process compilation
Created classpath snapshot for incremental compilation in 0.021 secs.
Compiling with toolchain '/Users/sulaiman/Library/Java/JavaVirtualMachines/openjdk-21.0.1/Contents/Home'.
Compiling with JDK Java compiler API.
Note: /Users/sulaiman/IdeaProjects/school-fee-app/backend/src/test/java/com/fee/app/schoolfeeapp/auth/service/impl/UserManagementServiceIntegrationTest.java uses or overrides a deprecated API.
Note: Recompile with -Xlint:deprecation for details.
Incremental compilation of 9 classes completed in 0.437 secs.
Class dependency analysis for incremental compilation took 0.006 secs.
Resolve mutations for :backend:processTestResources (Thread[#4569,Execution worker,5,main]) started.
:backend:processTestResources (Thread[#4569,Execution worker,5,main]) started.

> Task :backend:processTestResources UP-TO-DATE
Caching disabled for task ':backend:processTestResources' because:
  Build cache is disabled
  Not worth caching
Skipping task ':backend:processTestResources' as it is up-to-date.
Resolve mutations for :backend:testClasses (Thread[#4569,Execution worker,5,main]) started.
:backend:testClasses (Thread[#4569,Execution worker,5,main]) started.

> Task :backend:testClasses
Skipping task ':backend:testClasses' as it has no actions.
Resolve mutations for :backend:test (Thread[#4569,Execution worker,5,main]) started.
:backend:test (Thread[#4569,Execution worker,5,main]) started.
Gradle Test Executor 21 started executing tests.

> Task :backend:test
Custom actions are attached to task ':backend:test'.
Caching disabled for task ':backend:test' because:
  Build cache is disabled
Task ':backend:test' is not up-to-date because:
  Task has failed previously.
Starting process 'Gradle Test Executor 21'. Working directory: /Users/sulaiman/IdeaProjects/school-fee-app/backend Command: /Users/sulaiman/Library/Java/JavaVirtualMachines/openjdk-21.0.1/Contents/Home/bin/java -Dorg.gradle.internal.worker.tmpdir=/Users/sulaiman/IdeaProjects/school-fee-app/backend/build/tmp/test/work -javaagent:/Users/sulaiman/IdeaProjects/school-fee-app/backend/build/tmp/.cache/expanded/zip_cde35f471dab581134460fc9a50e2c59/jacocoagent.jar=destfile=build/jacoco/test.exec,append=true,inclnolocationclasses=false,dumponexit=true,output=file,jmx=false @/Users/sulaiman/.gradle/.tmp/gradle-worker-classpath8692234099762456800txt -Xmx512m -Dfile.encoding=UTF-8 -Duser.country=NG -Duser.language=en -Duser.variant -ea worker.org.gradle.process.internal.worker.GradleWorkerMain 'Gradle Test Executor 21'
Successfully started process 'Gradle Test Executor 21'

UserManagementServiceIntegrationTest STANDARD_OUT
    14:32:24.883 [Test worker] INFO org.testcontainers.images.PullPolicy -- Image pull policy will be performed by: DefaultPullPolicy()
    14:32:24.894 [Test worker] INFO org.testcontainers.utility.ImageNameSubstitutor -- Image name substitution will be performed by: DefaultImageNameSubstitutor (composite of 'ConfigurationFileImageNameSubstitutor' and 'PrefixingImageNameSubstitutor')
    14:32:24.910 [Test worker] INFO org.testcontainers.DockerClientFactory -- Testcontainers version: 1.21.3
    14:32:25.164 [Test worker] INFO org.testcontainers.dockerclient.DockerClientProviderStrategy -- Loaded org.testcontainers.dockerclient.UnixSocketClientProviderStrategy from ~/.testcontainers.properties, will try it first
    14:32:25.371 [Test worker] INFO org.testcontainers.dockerclient.DockerClientProviderStrategy -- Found Docker environment with Environment variables, system properties and defaults. Resolved dockerHost=unix:///Users/sulaiman/.docker/run/docker.sock
    14:32:25.372 [Test worker] INFO org.testcontainers.DockerClientFactory -- Docker host IP address is localhost
    14:32:25.393 [Test worker] INFO org.testcontainers.DockerClientFactory -- Connected to docker: 
      Server Version: 29.5.3
      API Version: 1.54
      Operating System: Docker Desktop
      Total Memory: 7836 MB
      Labels: 
        com.docker.desktop.address=unix:///Users/sulaiman/Library/Containers/com.docker.docker/Data/docker-cli.sock
    14:32:25.396 [Test worker] WARN org.testcontainers.utility.ResourceReaper -- 
    ********************************************************************************
    Ryuk has been disabled. This can cause unexpected behavior in your environment.
    ********************************************************************************
    14:32:25.399 [Test worker] INFO org.testcontainers.DockerClientFactory -- Checking the system...
    14:32:25.399 [Test worker] INFO org.testcontainers.DockerClientFactory -- ✔︎ Docker server version should be at least 1.6.0
    14:32:25.415 [Test worker] INFO tc.postgres:16-alpine -- Creating container for image: postgres:16-alpine
    14:32:25.539 [Test worker] INFO org.testcontainers.utility.RegistryAuthLocator -- Credential helper/store (docker-credential-desktop) does not have credentials for https://index.docker.io/v1/
    14:32:25.631 [Test worker] INFO tc.postgres:16-alpine -- Container postgres:16-alpine is starting: 710cd6ed851b79544cfaa46acf40f05e7b8ed5407a3e8ace38a5534168237874
    14:32:26.489 [Test worker] INFO tc.postgres:16-alpine -- Container postgres:16-alpine started in PT1.073963S
    14:32:26.490 [Test worker] INFO tc.postgres:16-alpine -- Container is started (JDBC URL: jdbc:postgresql://localhost:53862/school_fee_test?loggerLevel=OFF)
    14:32:26.569 [Test worker] INFO org.springframework.test.context.support.AnnotationConfigContextLoaderUtils -- Could not detect default configuration classes for test class [com.fee.app.schoolfeeapp.auth.service.impl.UserManagementServiceIntegrationTest]: UserManagementServiceIntegrationTest does not declare any static, non-private, non-final, nested classes annotated with @Configuration.
    14:32:26.681 [Test worker] INFO org.springframework.boot.test.context.SpringBootTestContextBootstrapper -- Found @SpringBootConfiguration com.fee.app.schoolfeeapp.SchoolFeeAppApplication for test class com.fee.app.schoolfeeapp.auth.service.impl.UserManagementServiceIntegrationTest

UserManagementServiceIntegrationTest > Set Password Integration Tests STANDARD_OUT
    14:32:26.757 [Test worker] INFO org.springframework.test.context.support.AnnotationConfigContextLoaderUtils -- Could not detect default configuration classes for test class [com.fee.app.schoolfeeapp.auth.service.impl.UserManagementServiceIntegrationTest$SetPasswordIntegrationTests]: SetPasswordIntegrationTests does not declare any static, non-private, non-final, nested classes annotated with @Configuration.
    14:32:26.759 [Test worker] INFO org.springframework.boot.test.context.SpringBootTestContextBootstrapper -- Found @SpringBootConfiguration com.fee.app.schoolfeeapp.SchoolFeeAppApplication for test class com.fee.app.schoolfeeapp.auth.service.impl.UserManagementServiceIntegrationTest$SetPasswordIntegrationTests
      .   ____          _            __ _ _
     /\\ / ___'_ __ _ _(_)_ __  __ _ \ \ \ \
    ( ( )\___ | '_ | '_| | '_ \/ _` | \ \ \ \
     \\/  ___)| |_)| | | | | || (_| |  ) ) ) )
      '  |____| .__|_| |_|_| |_\__, | / / / /
     =========|_|==============|___/=/_/_/_/
 
     :: Spring Boot ::   v3.5.5
     :: Spring Cloud Stream ::   v4.3.0
     :: Spring Cloud Function ::   v4.3.0
    2026-06-11T14:32:27.018+01:00  INFO 61484 --- [school-fee-app] [    Test worker] s.i.UserManagementServiceIntegrationTest : Starting UserManagementServiceIntegrationTest using Java 21.0.1 with PID 61484 (started by sulaiman in /Users/sulaiman/IdeaProjects/school-fee-app/backend)
    2026-06-11T14:32:27.019+01:00  INFO 61484 --- [school-fee-app] [    Test worker] s.i.UserManagementServiceIntegrationTest : No active profile set, falling back to 1 default profile: "default"
    2026-06-11T14:32:27.761+01:00  INFO 61484 --- [school-fee-app] [    Test worker] .s.d.r.c.RepositoryConfigurationDelegate : Bootstrapping Spring Data R2DBC repositories in DEFAULT mode.
    2026-06-11T14:32:27.889+01:00  INFO 61484 --- [school-fee-app] [    Test worker] .s.d.r.c.RepositoryConfigurationDelegate : Finished Spring Data repository scanning in 121 ms. Found 35 R2DBC repository interfaces.
    2026-06-11T14:32:27.951+01:00  INFO 61484 --- [school-fee-app] [    Test worker] faultConfiguringBeanFactoryPostProcessor : No bean named 'errorChannel' has been explicitly defined. Therefore, a default PublishSubscribeChannel will be created.
    2026-06-11T14:32:27.956+01:00  INFO 61484 --- [school-fee-app] [    Test worker] faultConfiguringBeanFactoryPostProcessor : No bean named 'integrationHeaderChannelRegistry' has been explicitly defined. Therefore, a default DefaultHeaderChannelRegistry will be created.

UserManagementServiceIntegrationTest > Set Password Integration Tests STANDARD_ERROR
    Mockito is currently self-attaching to enable the inline-mock-maker. This will no longer work in future releases of the JDK. Please add Mockito as an agent to your build as described in Mockito's documentation: https://javadoc.io/doc/org.mockito/mockito-core/latest/org.mockito/org/mockito/Mockito.html#0.3
    WARNING: A Java agent has been loaded dynamically (/Users/sulaiman/.gradle/caches/modules-2/files-2.1/net.bytebuddy/byte-buddy-agent/1.17.7/fbf3d6d649ed37fc9e9c59480a05be0a26e3c2da/byte-buddy-agent-1.17.7.jar)
    WARNING: If a serviceability tool is in use, please run with -XX:+EnableDynamicAgentLoading to hide this warning
    WARNING: If a serviceability tool is not in use, please run with -Djdk.instrument.traceUsage for more information
    WARNING: Dynamic loading of agents will be disallowed by default in a future release

OpenJDK 64-Bit Server VM warning: Sharing is only supported for boot loader classes because bootstrap classpath has been appended

> Task :backend:test

UserManagementServiceIntegrationTest > Set Password Integration Tests STANDARD_OUT
    2026-06-11T14:32:30.773+01:00  INFO 61484 --- [school-fee-app] [    Test worker] c.f.a.s.p.g.s.PaymentGatewaySelector     : Registered payment gateways: [PAYSTACK]
    2026-06-11T14:32:31.530+01:00  INFO 61484 --- [school-fee-app] [    Test worker] org.flywaydb.core.FlywayExecutor         : Database: jdbc:postgresql://localhost:53862/school_fee_test (PostgreSQL 16.14)
    2026-06-11T14:32:31.563+01:00  INFO 61484 --- [school-fee-app] [    Test worker] o.f.core.internal.database.base.Schema   : Creating schema "auth" ...
    2026-06-11T14:32:31.565+01:00  INFO 61484 --- [school-fee-app] [    Test worker] o.f.core.internal.database.base.Schema   : Creating schema "school" ...
    2026-06-11T14:32:31.566+01:00  INFO 61484 --- [school-fee-app] [    Test worker] o.f.core.internal.database.base.Schema   : Creating schema "fee" ...
    2026-06-11T14:32:31.567+01:00  INFO 61484 --- [school-fee-app] [    Test worker] o.f.core.internal.database.base.Schema   : Creating schema "payment" ...
    2026-06-11T14:32:31.568+01:00  INFO 61484 --- [school-fee-app] [    Test worker] o.f.core.internal.database.base.Schema   : Creating schema "notification" ...
    2026-06-11T14:32:31.569+01:00  INFO 61484 --- [school-fee-app] [    Test worker] o.f.core.internal.database.base.Schema   : Creating schema "outbox" ...
    2026-06-11T14:32:31.574+01:00  INFO 61484 --- [school-fee-app] [    Test worker] o.f.c.i.s.JdbcTableSchemaHistory         : Creating Schema History table "auth"."flyway_schema_history" ...
    2026-06-11T14:32:31.649+01:00  INFO 61484 --- [school-fee-app] [    Test worker] o.f.core.internal.command.DbMigrate      : Current version of schema "auth": null
    2026-06-11T14:32:31.676+01:00  INFO 61484 --- [school-fee-app] [    Test worker] o.f.core.internal.command.DbMigrate      : Migrating schema "auth" to version "1 - create schema"
    2026-06-11T14:32:31.679+01:00  WARN 61484 --- [school-fee-app] [    Test worker] o.f.c.i.s.DefaultSqlScriptExecutor       : DB: schema "auth" already exists, skipping (SQL State: 42P06 - Error Code: 0)
    2026-06-11T14:32:31.680+01:00  WARN 61484 --- [school-fee-app] [    Test worker] o.f.c.i.s.DefaultSqlScriptExecutor       : DB: schema "school" already exists, skipping (SQL State: 42P06 - Error Code: 0)
    2026-06-11T14:32:31.681+01:00  WARN 61484 --- [school-fee-app] [    Test worker] o.f.c.i.s.DefaultSqlScriptExecutor       : DB: schema "fee" already exists, skipping (SQL State: 42P06 - Error Code: 0)
    2026-06-11T14:32:31.681+01:00  WARN 61484 --- [school-fee-app] [    Test worker] o.f.c.i.s.DefaultSqlScriptExecutor       : DB: schema "payment" already exists, skipping (SQL State: 42P06 - Error Code: 0)
    2026-06-11T14:32:31.682+01:00  WARN 61484 --- [school-fee-app] [    Test worker] o.f.c.i.s.DefaultSqlScriptExecutor       : DB: schema "notification" already exists, skipping (SQL State: 42P06 - Error Code: 0)
    2026-06-11T14:32:31.682+01:00  WARN 61484 --- [school-fee-app] [    Test worker] o.f.c.i.s.DefaultSqlScriptExecutor       : DB: schema "outbox" already exists, skipping (SQL State: 42P06 - Error Code: 0)
    2026-06-11T14:32:31.744+01:00  INFO 61484 --- [school-fee-app] [    Test worker] o.f.core.internal.command.DbMigrate      : Migrating schema "auth" to version "2 - create view"
    2026-06-11T14:32:31.761+01:00  INFO 61484 --- [school-fee-app] [    Test worker] o.f.core.internal.command.DbMigrate      : Migrating schema "auth" to version "3 - create index"
    2026-06-11T14:32:31.789+01:00  INFO 61484 --- [school-fee-app] [    Test worker] o.f.core.internal.command.DbMigrate      : Migrating schema "auth" to version "4 - add academic session closure fields"
    2026-06-11T14:32:31.798+01:00  INFO 61484 --- [school-fee-app] [    Test worker] o.f.core.internal.command.DbMigrate      : Migrating schema "auth" to version "5 - allow processing payment status"
    2026-06-11T14:32:31.806+01:00  INFO 61484 --- [school-fee-app] [    Test worker] o.f.core.internal.command.DbMigrate      : Migrating schema "auth" to version "6 - add notification template lifecycle fields"
    2026-06-11T14:32:31.821+01:00  INFO 61484 --- [school-fee-app] [    Test worker] o.f.core.internal.command.DbMigrate      : Migrating schema "auth" to version "7 - add result schema"
    2026-06-11T14:32:31.866+01:00  INFO 61484 --- [school-fee-app] [    Test worker] o.f.core.internal.command.DbMigrate      : Successfully applied 7 migrations to schema "auth", now at version v7 (execution time 00:00.140s)
    2026-06-11T14:32:32.184+01:00  INFO 61484 --- [school-fee-app] [    Test worker] o.s.i.endpoint.EventDrivenConsumer       : Adding {logging-channel-adapter:_org.springframework.integration.errorLogger} as a subscriber to the 'errorChannel' channel
    2026-06-11T14:32:32.184+01:00  INFO 61484 --- [school-fee-app] [    Test worker] o.s.i.channel.PublishSubscribeChannel    : Channel 'school-fee-app.errorChannel' has 1 subscriber(s).
    2026-06-11T14:32:32.184+01:00  INFO 61484 --- [school-fee-app] [    Test worker] o.s.i.endpoint.EventDrivenConsumer       : started bean '_org.springframework.integration.errorLogger'
    2026-06-11T14:32:32.194+01:00  INFO 61484 --- [school-fee-app] [    Test worker] s.i.UserManagementServiceIntegrationTest : Started UserManagementServiceIntegrationTest in 5.411 seconds (process running for 7.998)

UserManagementServiceIntegrationTest > Verify OTP Integration Tests STANDARD_OUT
    2026-06-11T14:32:32.705+01:00  INFO 61484 --- [school-fee-app] [    Test worker] t.c.s.AnnotationConfigContextLoaderUtils : Could not detect default configuration classes for test class [com.fee.app.schoolfeeapp.auth.service.impl.UserManagementServiceIntegrationTest$VerifyOtpIntegrationTests]: VerifyOtpIntegrationTests does not declare any static, non-private, non-final, nested classes annotated with @Configuration.
    2026-06-11T14:32:32.707+01:00  INFO 61484 --- [school-fee-app] [    Test worker] .b.t.c.SpringBootTestContextBootstrapper : Found @SpringBootConfiguration com.fee.app.schoolfeeapp.SchoolFeeAppApplication for test class com.fee.app.schoolfeeapp.auth.service.impl.UserManagementServiceIntegrationTest$VerifyOtpIntegrationTests

UserManagementServiceIntegrationTest > Send OTP Integration Tests STANDARD_OUT
    2026-06-11T14:32:32.772+01:00  INFO 61484 --- [school-fee-app] [    Test worker] t.c.s.AnnotationConfigContextLoaderUtils : Could not detect default configuration classes for test class [com.fee.app.schoolfeeapp.auth.service.impl.UserManagementServiceIntegrationTest$SendOtpIntegrationTests]: SendOtpIntegrationTests does not declare any static, non-private, non-final, nested classes annotated with @Configuration.
    2026-06-11T14:32:32.774+01:00  INFO 61484 --- [school-fee-app] [    Test worker] .b.t.c.SpringBootTestContextBootstrapper : Found @SpringBootConfiguration com.fee.app.schoolfeeapp.SchoolFeeAppApplication for test class com.fee.app.schoolfeeapp.auth.service.impl.UserManagementServiceIntegrationTest$SendOtpIntegrationTests

UserManagementServiceIntegrationTest > Send OTP Integration Tests > Should successfully send OTP for unregistered guardian STANDARD_OUT
    2026-06-11T14:32:32.814+01:00  INFO 61484 --- [school-fee-app] [actor-tcp-nio-5] c.f.a.s.a.s.i.UserManagementServiceImpl  : OTP for 2348011111111: 538569
    2026-06-11T14:32:32.814+01:00  INFO 61484 --- [school-fee-app] [actor-tcp-nio-5] c.f.a.s.n.s.i.AfricasTalkingSmsService   : SMS disabled. Would send to 2348011111111: Your SchoolFee verification code is: 538569. Valid for 5 minutes.

UserManagementServiceIntegrationTest > Outbox Pattern Tests STANDARD_OUT
    2026-06-11T14:32:32.826+01:00  INFO 61484 --- [school-fee-app] [    Test worker] t.c.s.AnnotationConfigContextLoaderUtils : Could not detect default configuration classes for test class [com.fee.app.schoolfeeapp.auth.service.impl.UserManagementServiceIntegrationTest$OutboxPatternTests]: OutboxPatternTests does not declare any static, non-private, non-final, nested classes annotated with @Configuration.
    2026-06-11T14:32:32.827+01:00  INFO 61484 --- [school-fee-app] [    Test worker] .b.t.c.SpringBootTestContextBootstrapper : Found @SpringBootConfiguration com.fee.app.schoolfeeapp.SchoolFeeAppApplication for test class com.fee.app.schoolfeeapp.auth.service.impl.UserManagementServiceIntegrationTest$OutboxPatternTests

UserManagementServiceIntegrationTest > Outbox Pattern Tests > Should create outbox event for parent invitation STANDARD_OUT
    2026-06-11T14:32:32.856+01:00  INFO 61484 --- [school-fee-app] [actor-tcp-nio-5] c.f.a.s.a.s.i.UserManagementServiceImpl  : Creating outbox event for parent invitation: userId=null, guardianId=e8767d40-e79b-4189-8044-c7f34b4c0a24
    2026-06-11T14:32:32.874+01:00  INFO 61484 --- [school-fee-app] [actor-tcp-nio-5] c.f.a.s.a.s.i.UserManagementServiceImpl  : Outbox event created: eventId=d6b4f605-affc-435f-85eb-b577349398bd, type=PARENT_INVITATION

UserManagementServiceIntegrationTest > Transactional Behavior Tests STANDARD_OUT
    2026-06-11T14:32:32.903+01:00  INFO 61484 --- [school-fee-app] [    Test worker] t.c.s.AnnotationConfigContextLoaderUtils : Could not detect default configuration classes for test class [com.fee.app.schoolfeeapp.auth.service.impl.UserManagementServiceIntegrationTest$TransactionalBehaviorTests]: TransactionalBehaviorTests does not declare any static, non-private, non-final, nested classes annotated with @Configuration.
    2026-06-11T14:32:32.903+01:00  INFO 61484 --- [school-fee-app] [    Test worker] .b.t.c.SpringBootTestContextBootstrapper : Found @SpringBootConfiguration com.fee.app.schoolfeeapp.SchoolFeeAppApplication for test class com.fee.app.schoolfeeapp.auth.service.impl.UserManagementServiceIntegrationTest$TransactionalBehaviorTests

UserManagementServiceIntegrationTest > Transactional Behavior Tests > Should demonstrate transactional operator usage STANDARD_OUT
    2026-06-11T14:32:32.924+01:00  INFO 61484 --- [school-fee-app] [actor-tcp-nio-5] c.f.a.s.a.s.i.UserManagementServiceImpl  : Creating outbox event for parent invitation: userId=null, guardianId=178e6ed1-9bb4-4f03-9fc8-c4aef3f78042
    2026-06-11T14:32:32.929+01:00  INFO 61484 --- [school-fee-app] [actor-tcp-nio-5] c.f.a.s.a.s.i.UserManagementServiceImpl  : Outbox event created: eventId=7c08f2d3-4657-4d2b-9f7d-adecc71ea76b, type=PARENT_INVITATION

UserManagementServiceIntegrationTest > Create Staff - Service Integration Tests STANDARD_OUT
    2026-06-11T14:32:32.945+01:00  INFO 61484 --- [school-fee-app] [    Test worker] t.c.s.AnnotationConfigContextLoaderUtils : Could not detect default configuration classes for test class [com.fee.app.schoolfeeapp.auth.service.impl.UserManagementServiceIntegrationTest$CreateStaffIntegrationTests]: CreateStaffIntegrationTests does not declare any static, non-private, non-final, nested classes annotated with @Configuration.
    2026-06-11T14:32:32.946+01:00  INFO 61484 --- [school-fee-app] [    Test worker] .b.t.c.SpringBootTestContextBootstrapper : Found @SpringBootConfiguration com.fee.app.schoolfeeapp.SchoolFeeAppApplication for test class com.fee.app.schoolfeeapp.auth.service.impl.UserManagementServiceIntegrationTest$CreateStaffIntegrationTests

UserManagementServiceIntegrationTest > Create Staff - Service Integration Tests > Should create teacher account STANDARD_OUT
    2026-06-11T14:32:32.974+01:00  INFO 61484 --- [school-fee-app] [actor-tcp-nio-5] c.f.a.s.a.s.i.UserManagementServiceImpl  : Creating outbox event for staff creation: userId=351f240d-2e17-4520-a296-7b7702bb7e36, email=teacher@school.edu
    2026-06-11T14:32:32.983+01:00  INFO 61484 --- [school-fee-app] [actor-tcp-nio-5] c.f.a.s.a.s.i.UserManagementServiceImpl  : Outbox event created: eventId=4cb9e6d0-58db-4fd0-9df1-002564ff62ed, type=STAFF_CREATED

UserManagementServiceIntegrationTest > Create Staff - Service Integration Tests > Should create staff with multiple roles STANDARD_OUT
    2026-06-11T14:32:33.008+01:00  INFO 61484 --- [school-fee-app] [actor-tcp-nio-5] c.f.a.s.a.s.i.UserManagementServiceImpl  : Creating outbox event for staff creation: userId=acbf3f2c-8c1b-4eb7-936f-5c7c070f486f, email=admin.accountant@school.edu
    2026-06-11T14:32:33.012+01:00  INFO 61484 --- [school-fee-app] [actor-tcp-nio-5] c.f.a.s.a.s.i.UserManagementServiceImpl  : Outbox event created: eventId=f8047051-68b6-4578-8cd2-4eee8b9aae73, type=STAFF_CREATED

UserManagementServiceIntegrationTest > Create Parent - Service Integration Tests STANDARD_OUT
    2026-06-11T14:32:33.024+01:00  INFO 61484 --- [school-fee-app] [    Test worker] t.c.s.AnnotationConfigContextLoaderUtils : Could not detect default configuration classes for test class [com.fee.app.schoolfeeapp.auth.service.impl.UserManagementServiceIntegrationTest$CreateParentIntegrationTests]: CreateParentIntegrationTests does not declare any static, non-private, non-final, nested classes annotated with @Configuration.
    2026-06-11T14:32:33.025+01:00  INFO 61484 --- [school-fee-app] [    Test worker] .b.t.c.SpringBootTestContextBootstrapper : Found @SpringBootConfiguration com.fee.app.schoolfeeapp.SchoolFeeAppApplication for test class com.fee.app.schoolfeeapp.auth.service.impl.UserManagementServiceIntegrationTest$CreateParentIntegrationTests

UserManagementServiceIntegrationTest > Create Parent - Service Integration Tests > Should handle duplicate role creation gracefully STANDARD_OUT
    2026-06-11T14:32:33.055+01:00  INFO 61484 --- [school-fee-app] [actor-tcp-nio-5] c.f.a.s.a.s.i.UserManagementServiceImpl  : Creating outbox event for parent invitation: userId=null, guardianId=729b0e66-7fc0-4df5-8916-318679bb6c5d
    2026-06-11T14:32:33.058+01:00  INFO 61484 --- [school-fee-app] [actor-tcp-nio-5] c.f.a.s.a.s.i.UserManagementServiceImpl  : Outbox event created: eventId=123efee6-c288-4f75-a76b-d949cdf0d4cf, type=PARENT_INVITATION

UserManagementServiceIntegrationTest > Create Parent - Service Integration Tests > Should create parent successfully with all reactive steps STANDARD_OUT
    2026-06-11T14:32:33.105+01:00  INFO 61484 --- [school-fee-app] [actor-tcp-nio-3] c.f.a.s.a.s.i.UserManagementServiceImpl  : Creating outbox event for parent invitation: userId=null, guardianId=ca3c037f-58ea-4a1c-a724-34c34cac4be8
    2026-06-11T14:32:33.112+01:00  INFO 61484 --- [school-fee-app] [actor-tcp-nio-3] c.f.a.s.a.s.i.UserManagementServiceImpl  : Outbox event created: eventId=40ddb9b8-1b2b-415b-ae88-271eed053448, type=PARENT_INVITATION

UserManagementServiceIntegrationTest > Create Parent - Service Integration Tests > Should create parent successfully with all reactive steps FAILED
    java.lang.AssertionError: expectation "consumeNextWith" failed (expected: onNext(); actual: onComplete())
        at reactor.test.MessageFormatter.assertionError(MessageFormatter.java:115)
        at reactor.test.MessageFormatter.failPrefix(MessageFormatter.java:104)
        at reactor.test.MessageFormatter.fail(MessageFormatter.java:73)
        at reactor.test.MessageFormatter.failOptional(MessageFormatter.java:88)
        at reactor.test.DefaultStepVerifierBuilder.lambda$consumeNextWith$1(DefaultStepVerifierBuilder.java:276)
        at reactor.test.DefaultStepVerifierBuilder$SignalEvent.test(DefaultStepVerifierBuilder.java:2289)
        at reactor.test.DefaultStepVerifierBuilder$DefaultVerifySubscriber.onSignal(DefaultStepVerifierBuilder.java:1529)
        at reactor.test.DefaultStepVerifierBuilder$DefaultVerifySubscriber.onExpectation(DefaultStepVerifierBuilder.java:1477)
        at reactor.test.DefaultStepVerifierBuilder$DefaultVerifySubscriber.onComplete(DefaultStepVerifierBuilder.java:1117)
        at org.springframework.security.test.context.support.ReactorContextTestExecutionListener$DelegateTestExecutionListener$SecuritySubContext.onComplete(ReactorContextTestExecutionListener.java:130)
        at reactor.core.publisher.MonoNext$NextSubscriber.onComplete(MonoNext.java:102)
        at reactor.core.publisher.FluxUsingWhen$UsingWhenSubscriber.deferredComplete(FluxUsingWhen.java:397)
        at reactor.core.publisher.FluxUsingWhen$CommitInner.onComplete(FluxUsingWhen.java:532)
        at org.springframework.security.test.context.support.ReactorContextTestExecutionListener$DelegateTestExecutionListener$SecuritySubContext.onComplete(ReactorContextTestExecutionListener.java:130)
        at reactor.core.publisher.Operators.complete(Operators.java:137)
        at reactor.core.publisher.MonoEmpty.subscribe(MonoEmpty.java:46)
        at reactor.core.publisher.Mono.subscribe(Mono.java:4576)
        at reactor.core.publisher.FluxUsingWhen$UsingWhenSubscriber.onComplete(FluxUsingWhen.java:389)
        at org.springframework.security.test.context.support.ReactorContextTestExecutionListener$DelegateTestExecutionListener$SecuritySubContext.onComplete(ReactorContextTestExecutionListener.java:130)
        at org.springframework.security.test.context.support.ReactorContextTestExecutionListener$DelegateTestExecutionListener$SecuritySubContext.onComplete(ReactorContextTestExecutionListener.java:130)
        at org.springframework.security.test.context.support.ReactorContextTestExecutionListener$DelegateTestExecutionListener$SecuritySubContext.onComplete(ReactorContextTestExecutionListener.java:130)
        at reactor.core.publisher.MonoFlatMap$FlatMapMain.onComplete(MonoFlatMap.java:189)
        at reactor.core.publisher.Operators$MultiSubscriptionSubscriber.onComplete(Operators.java:2230)
        at reactor.core.publisher.MonoSingle$SingleSubscriber.onComplete(MonoSingle.java:164)
        at reactor.core.publisher.Operators$MultiSubscriptionSubscriber.onComplete(Operators.java:2230)
        at reactor.core.publisher.FluxUsingWhen$UsingWhenSubscriber.deferredComplete(FluxUsingWhen.java:397)
        at reactor.core.publisher.FluxUsingWhen$CommitInner.onComplete(FluxUsingWhen.java:532)
        at org.springframework.security.test.context.support.ReactorContextTestExecutionListener$DelegateTestExecutionListener$SecuritySubContext.onComplete(ReactorContextTestExecutionListener.java:130)
        at reactor.core.publisher.Operators$MultiSubscriptionSubscriber.onComplete(Operators.java:2230)
        at org.springframework.security.test.context.support.ReactorContextTestExecutionListener$DelegateTestExecutionListener$SecuritySubContext.onComplete(ReactorContextTestExecutionListener.java:130)
        at reactor.core.publisher.FluxPeek$PeekSubscriber.onComplete(FluxPeek.java:260)
        at reactor.core.publisher.Operators$MultiSubscriptionSubscriber.onComplete(Operators.java:2230)
        at reactor.core.publisher.MonoIgnoreThen$ThenIgnoreMain.onComplete(MonoIgnoreThen.java:210)
        at reactor.core.publisher.MonoIgnoreThen$ThenIgnoreMain.onComplete(MonoIgnoreThen.java:210)
        at reactor.pool.SimpleDequePool.maybeRecycleAndDrain(SimpleDequePool.java:547)
        at reactor.pool.SimpleDequePool$QueuePoolRecyclerInner.onComplete(SimpleDequePool.java:788)
        at org.springframework.security.test.context.support.ReactorContextTestExecutionListener$DelegateTestExecutionListener$SecuritySubContext.onComplete(ReactorContextTestExecutionListener.java:130)
        at reactor.core.publisher.Operators.complete(Operators.java:137)
        at reactor.core.publisher.MonoEmpty.subscribe(MonoEmpty.java:46)
        at reactor.core.publisher.Mono.subscribe(Mono.java:4576)
        at reactor.pool.SimpleDequePool$QueuePoolRecyclerMono.subscribe(SimpleDequePool.java:901)
        at reactor.core.publisher.MonoDefer.subscribe(MonoDefer.java:53)
        at reactor.core.publisher.MonoIgnoreThen$ThenIgnoreMain.subscribeNext(MonoIgnoreThen.java:241)
        at reactor.core.publisher.MonoIgnoreThen$ThenIgnoreMain.onComplete(MonoIgnoreThen.java:204)
        at org.springframework.security.test.context.support.ReactorContextTestExecutionListener$DelegateTestExecutionListener$SecuritySubContext.onComplete(ReactorContextTestExecutionListener.java:130)
        at reactor.core.publisher.FluxPeek$PeekSubscriber.onComplete(FluxPeek.java:260)
        at reactor.core.publisher.Operators.complete(Operators.java:137)
        at reactor.core.publisher.MonoEmpty.subscribe(MonoEmpty.java:46)
        at reactor.core.publisher.Mono.subscribe(Mono.java:4576)
        at reactor.core.publisher.MonoIgnoreThen$ThenIgnoreMain.subscribeNext(MonoIgnoreThen.java:265)
        at reactor.core.publisher.MonoIgnoreThen.subscribe(MonoIgnoreThen.java:51)
        at reactor.core.publisher.MonoDefer.subscribe(MonoDefer.java:53)
        at reactor.core.publisher.MonoIgnoreThen$ThenIgnoreMain.subscribeNext(MonoIgnoreThen.java:241)
        at reactor.core.publisher.MonoIgnoreThen$ThenIgnoreMain.onComplete(MonoIgnoreThen.java:204)
        at org.springframework.security.test.context.support.ReactorContextTestExecutionListener$DelegateTestExecutionListener$SecuritySubContext.onComplete(ReactorContextTestExecutionListener.java:130)
        at reactor.core.publisher.MonoIgnoreElements$IgnoreElementsSubscriber.onComplete(MonoIgnoreElements.java:89)
        at reactor.core.publisher.FluxHandleFuseable$HandleFuseableSubscriber.onComplete(FluxHandleFuseable.java:239)
        at reactor.core.publisher.MonoSupplier$MonoSupplierSubscription.request(MonoSupplier.java:148)
        at reactor.core.publisher.FluxHandleFuseable$HandleFuseableSubscriber.request(FluxHandleFuseable.java:260)
        at reactor.core.publisher.MonoIgnoreElements$IgnoreElementsSubscriber.onSubscribe(MonoIgnoreElements.java:72)
        at reactor.core.publisher.FluxHandleFuseable$HandleFuseableSubscriber.onSubscribe(FluxHandleFuseable.java:164)
        at reactor.core.publisher.MonoSupplier.subscribe(MonoSupplier.java:48)
        at reactor.core.publisher.Mono.subscribe(Mono.java:4576)
        at reactor.core.publisher.MonoIgnoreThen$ThenIgnoreMain.subscribeNext(MonoIgnoreThen.java:265)
        at reactor.core.publisher.MonoIgnoreThen.subscribe(MonoIgnoreThen.java:51)
        at reactor.core.publisher.InternalMonoOperator.subscribe(InternalMonoOperator.java:76)
        at reactor.core.publisher.MonoDefer.subscribe(MonoDefer.java:53)
        at reactor.core.publisher.Mono.subscribe(Mono.java:4576)
        at reactor.core.publisher.FluxOnErrorResume$ResumeSubscriber.onError(FluxOnErrorResume.java:103)
        at reactor.core.publisher.MonoIgnoreElements$IgnoreElementsSubscriber.onError(MonoIgnoreElements.java:84)
        at reactor.core.publisher.FluxMap$MapSubscriber.onError(FluxMap.java:134)
        at reactor.core.publisher.FluxFilter$FilterSubscriber.onError(FluxFilter.java:157)
        at reactor.core.publisher.FluxFilter$FilterConditionalSubscriber.onError(FluxFilter.java:291)
        at reactor.core.publisher.FluxMap$MapConditionalSubscriber.onError(FluxMap.java:265)
        at reactor.core.publisher.Operators.error(Operators.java:198)
        at reactor.core.publisher.MonoError.subscribe(MonoError.java:53)
        at reactor.core.publisher.MonoDeferContextual.subscribe(MonoDeferContextual.java:55)
        at reactor.core.publisher.InternalMonoOperator.subscribe(InternalMonoOperator.java:76)
        at reactor.core.publisher.MonoDefer.subscribe(MonoDefer.java:53)
        at reactor.core.publisher.Mono.subscribe(Mono.java:4576)
        at reactor.core.publisher.FluxUsingWhen$UsingWhenSubscriber.onComplete(FluxUsingWhen.java:389)
        at org.springframework.security.test.context.support.ReactorContextTestExecutionListener$DelegateTestExecutionListener$SecuritySubContext.onComplete(ReactorContextTestExecutionListener.java:130)
        at reactor.core.publisher.FluxFlatMap$FlatMapMain.checkTerminated(FluxFlatMap.java:850)
        at reactor.core.publisher.FluxFlatMap$FlatMapMain.drainLoop(FluxFlatMap.java:612)
        at reactor.core.publisher.FluxFlatMap$FlatMapMain.innerComplete(FluxFlatMap.java:898)
        at reactor.core.publisher.FluxFlatMap$FlatMapInner.onComplete(FluxFlatMap.java:1001)
        at org.springframework.security.test.context.support.ReactorContextTestExecutionListener$DelegateTestExecutionListener$SecuritySubContext.onComplete(ReactorContextTestExecutionListener.java:130)
        at reactor.core.publisher.FluxHandle$HandleSubscriber.onComplete(FluxHandle.java:223)
        at reactor.core.publisher.MonoFlatMapMany$FlatMapManyInner.onComplete(MonoFlatMapMany.java:261)
        at org.springframework.security.test.context.support.ReactorContextTestExecutionListener$DelegateTestExecutionListener$SecuritySubContext.onComplete(ReactorContextTestExecutionListener.java:130)
        at reactor.core.publisher.FluxHandleFuseable$HandleFuseableSubscriber.onComplete(FluxHandleFuseable.java:239)
        at reactor.core.publisher.FluxFilterFuseable$FilterFuseableConditionalSubscriber.onComplete(FluxFilterFuseable.java:391)
        at reactor.core.publisher.FluxContextWrite$ContextWriteSubscriber.onComplete(FluxContextWrite.java:126)
        at reactor.core.publisher.FluxPeekFuseable$PeekConditionalSubscriber.onComplete(FluxPeekFuseable.java:940)
        at reactor.core.publisher.FluxPeekFuseable$PeekConditionalSubscriber.onComplete(FluxPeekFuseable.java:940)
        at io.r2dbc.postgresql.util.FluxDiscardOnCancel$FluxDiscardOnCancelSubscriber.onComplete(FluxDiscardOnCancel.java:104)
        at reactor.core.publisher.FluxDoFinally$DoFinallySubscriber.onComplete(FluxDoFinally.java:128)
        at reactor.core.publisher.FluxHandle$HandleSubscriber.onComplete(FluxHandle.java:223)
        at reactor.core.publisher.FluxCreate$BaseSink.complete(FluxCreate.java:465)
        at reactor.core.publisher.FluxCreate$BufferAsyncSink.drain(FluxCreate.java:871)
        at reactor.core.publisher.FluxCreate$BufferAsyncSink.complete(FluxCreate.java:819)
        at reactor.core.publisher.FluxCreate$SerializedFluxSink.drainLoop(FluxCreate.java:249)
        at reactor.core.publisher.FluxCreate$SerializedFluxSink.drain(FluxCreate.java:215)
        at reactor.core.publisher.FluxCreate$SerializedFluxSink.complete(FluxCreate.java:206)
        at io.r2dbc.postgresql.client.ReactorNettyClient$Conversation.complete(ReactorNettyClient.java:680)
        at io.r2dbc.postgresql.client.ReactorNettyClient$BackendMessageSubscriber.emit(ReactorNettyClient.java:946)
        at io.r2dbc.postgresql.client.ReactorNettyClient$BackendMessageSubscriber.onNext(ReactorNettyClient.java:822)
        at io.r2dbc.postgresql.client.ReactorNettyClient$BackendMessageSubscriber.onNext(ReactorNettyClient.java:728)
        at reactor.core.publisher.FluxHandle$HandleSubscriber.onNext(FluxHandle.java:129)
        at reactor.core.publisher.FluxPeekFuseable$PeekConditionalSubscriber.onNext(FluxPeekFuseable.java:854)
        at reactor.core.publisher.FluxMap$MapConditionalSubscriber.onNext(FluxMap.java:224)
        at reactor.core.publisher.FluxMap$MapConditionalSubscriber.onNext(FluxMap.java:224)
        at reactor.netty.channel.FluxReceive.drainReceiver(FluxReceive.java:292)
        at reactor.netty.channel.FluxReceive.onInboundNext(FluxReceive.java:401)
        at reactor.netty.channel.ChannelOperations.onInboundNext(ChannelOperations.java:435)
        at reactor.netty.channel.ChannelOperationsHandler.channelRead(ChannelOperationsHandler.java:115)
        at io.netty.channel.AbstractChannelHandlerContext.invokeChannelRead(AbstractChannelHandlerContext.java:444)
        at io.netty.channel.AbstractChannelHandlerContext.invokeChannelRead(AbstractChannelHandlerContext.java:420)
        at io.netty.channel.AbstractChannelHandlerContext.fireChannelRead(AbstractChannelHandlerContext.java:412)
        at io.netty.handler.codec.ByteToMessageDecoder.fireChannelRead(ByteToMessageDecoder.java:346)
        at io.netty.handler.codec.ByteToMessageDecoder.channelRead(ByteToMessageDecoder.java:318)
        at io.netty.channel.AbstractChannelHandlerContext.invokeChannelRead(AbstractChannelHandlerContext.java:444)
        at io.netty.channel.AbstractChannelHandlerContext.invokeChannelRead(AbstractChannelHandlerContext.java:420)
        at io.netty.channel.AbstractChannelHandlerContext.fireChannelRead(AbstractChannelHandlerContext.java:412)
        at io.netty.channel.DefaultChannelPipeline$HeadContext.channelRead(DefaultChannelPipeline.java:1357)
        at io.netty.channel.AbstractChannelHandlerContext.invokeChannelRead(AbstractChannelHandlerContext.java:440)
        at io.netty.channel.AbstractChannelHandlerContext.invokeChannelRead(AbstractChannelHandlerContext.java:420)
        at io.netty.channel.DefaultChannelPipeline.fireChannelRead(DefaultChannelPipeline.java:868)
        at io.netty.channel.nio.AbstractNioByteChannel$NioByteUnsafe.read(AbstractNioByteChannel.java:166)
        at io.netty.channel.nio.NioEventLoop.processSelectedKey(NioEventLoop.java:796)
        at io.netty.channel.nio.NioEventLoop.processSelectedKeysOptimized(NioEventLoop.java:732)
        at io.netty.channel.nio.NioEventLoop.processSelectedKeys(NioEventLoop.java:658)
        at io.netty.channel.nio.NioEventLoop.run(NioEventLoop.java:562)
        at io.netty.util.concurrent.SingleThreadEventExecutor$4.run(SingleThreadEventExecutor.java:998)
        at io.netty.util.internal.ThreadExecutorMap$2.run(ThreadExecutorMap.java:74)
        at io.netty.util.concurrent.FastThreadLocalRunnable.run(FastThreadLocalRunnable.java:30)
        at java.base/java.lang.Thread.run(Thread.java:1583)

Gradle Test Executor 21 finished executing tests.
2026-06-11T14:32:33.520+01:00  INFO 61484 --- [school-fee-app] [ionShutdownHook] o.s.i.endpoint.EventDrivenConsumer       : Removing {logging-channel-adapter:_org.springframework.integration.errorLogger} as a subscriber to the 'errorChannel' channel
2026-06-11T14:32:33.520+01:00  INFO 61484 --- [school-fee-app] [ionShutdownHook] o.s.i.channel.PublishSubscribeChannel    : Channel 'school-fee-app.errorChannel' has 0 subscriber(s).
2026-06-11T14:32:33.520+01:00  INFO 61484 --- [school-fee-app] [ionShutdownHook] o.s.i.endpoint.EventDrivenConsumer       : stopped bean '_org.springframework.integration.errorLogger'

> Task :backend:test FAILED

13 tests completed, 1 failed
Finished generating test XML results (0.002 secs) into: /Users/sulaiman/IdeaProjects/school-fee-app/backend/build/test-results/test
Generating HTML test report...
Finished generating test html results (0.004 secs) into: /Users/sulaiman/IdeaProjects/school-fee-app/backend/build/reports/tests/test

[Incubating] Problems report is available at: file:///Users/sulaiman/IdeaProjects/school-fee-app/build/reports/problems/problems-report.html

FAILURE: Build failed with an exception.

* What went wrong:
Execution failed for task ':backend:test'.
> There were failing tests. See the report at: file:///Users/sulaiman/IdeaProjects/school-fee-app/backend/build/reports/tests/test/index.html

* Try:
> Run with --scan to generate a Build Scan (Powered by Develocity).

BUILD FAILED in 11s
5 actionable tasks: 2 executed, 3 up-to-date
Watched directory hierarchies: [/Users/sulaiman/IdeaProjects/school-fee-app]
